=== RUN   TestService_setupParameters_genesis
2021-12-27T11:04:57-04:00 INFO block state hash genesis hash: 0x26a30534b82025609b198c292634b7faacc95574ecc7a87f9f9b244d7d65e819	pkg=state
2021-12-27T11:04:57-04:00 INFO created state service with head 0x26a30534b82025609b198c292634b7faacc95574ecc7a87f9f9b244d7d65e819, highest number 0 and genesis hash 0x26a30534b82025609b198c292634b7faacc95574ecc7a87f9f9b244d7d65e819	pkg=state
--- PASS: TestService_setupParameters_genesis (3.21s)
=== RUN   TestService_setupParameters_epochData
2021-12-27T11:05:00-04:00 INFO block state hash genesis hash: 0x26a30534b82025609b198c292634b7faacc95574ecc7a87f9f9b244d7d65e819	pkg=state
2021-12-27T11:05:00-04:00 INFO created state service with head 0x26a30534b82025609b198c292634b7faacc95574ecc7a87f9f9b244d7d65e819, highest number 0 and genesis hash 0x26a30534b82025609b198c292634b7faacc95574ecc7a87f9f9b244d7d65e819	pkg=state
--- PASS: TestService_setupParameters_epochData (3.13s)
=== RUN   TestService_setupParameters_configData
2021-12-27T11:05:03-04:00 INFO block state hash genesis hash: 0x26a30534b82025609b198c292634b7faacc95574ecc7a87f9f9b244d7d65e819	pkg=state
2021-12-27T11:05:03-04:00 INFO created state service with head 0x26a30534b82025609b198c292634b7faacc95574ecc7a87f9f9b244d7d65e819, highest number 0 and genesis hash 0x26a30534b82025609b198c292634b7faacc95574ecc7a87f9f9b244d7d65e819	pkg=state
--- PASS: TestService_setupParameters_configData (3.26s)
=== RUN   TestService_SlotDuration
--- PASS: TestService_SlotDuration (0.00s)
=== RUN   TestService_ProducesBlocks
SIGABRT: abort
PC=0x7ff817cf7112 m=4 sigcode=0

goroutine 220 [running]:
runtime: unknown pc 0x7ff817cf7112
stack: frame={sp:0xc00010bee8, fp:0x0} stack=[0xc000fd6000,0xc000fda000)

runtime: unknown pc 0x7ff817cf7112
stack: frame={sp:0xc00010bee8, fp:0x0} stack=[0xc000fd6000,0xc000fda000)

created by testing.(*T).Run
	/usr/local/go/src/testing/testing.go:1306 +0x35a

goroutine 1 [chan receive]:
testing.(*T).Run(0xc000335380, {0x4b603bf, 0x40b5fcdc3bdc}, 0x4cbf290)
	/usr/local/go/src/testing/testing.go:1307 +0x375
testing.runTests.func1(0xc000604120)
	/usr/local/go/src/testing/testing.go:1598 +0x6e
testing.tRunner(0xc000335380, 0xc00093fc48)
	/usr/local/go/src/testing/testing.go:1259 +0x102
testing.runTests(0xc00011c300, {0x55bb360, 0x24, 0x24}, {0x1, 0xc00093fe38, 0x55c8c40})
	/usr/local/go/src/testing/testing.go:1596 +0x43f
testing.(*M).Run(0xc00011c300)
	/usr/local/go/src/testing/testing.go:1504 +0x51d
github.com/ChainSafe/gossamer/lib/babe.TestMain(0xc0000001a0)
	/Users/eclesiojunior/go/src/github.com/ChainSafe/gossamer/lib/babe/babe_test.go:174 +0x113
main.main()
	_testmain.go:115 +0x165

goroutine 19 [select]:
github.com/ipfs/go-log/writer.(*MirrorWriter).logRoutine(0xc0002e3920)
	/Users/eclesiojunior/go/pkg/mod/github.com/ipfs/go-log@v1.0.5/writer/writer.go:71 +0x110
created by github.com/ipfs/go-log/writer.NewMirrorWriter
	/Users/eclesiojunior/go/pkg/mod/github.com/ipfs/go-log@v1.0.5/writer/writer.go:36 +0xcf

goroutine 20 [select]:
go.opencensus.io/stats/view.(*worker).start(0xc0002a6200)
	/Users/eclesiojunior/go/pkg/mod/go.opencensus.io@v0.23.0/stats/view/worker.go:276 +0xb9
created by go.opencensus.io/stats/view.init.0
	/Users/eclesiojunior/go/pkg/mod/go.opencensus.io@v0.23.0/stats/view/worker.go:34 +0x92

goroutine 267 [select]:
github.com/dgraph-io/badger/v2.(*levelsController).runCompactor(0xc000887030, 0x1, 0xc001ca8200)
	/Users/eclesiojunior/go/pkg/mod/github.com/dgraph-io/badger/v2@v2.2007.4/levels.go:390 +0x212
created by github.com/dgraph-io/badger/v2.(*levelsController).startCompact
	/Users/eclesiojunior/go/pkg/mod/github.com/dgraph-io/badger/v2@v2.2007.4/levels.go:371 +0x55

goroutine 266 [select]:
github.com/dgraph-io/badger/v2.(*levelsController).runCompactor(0xc000887030, 0x0, 0xc001ca8200)
	/Users/eclesiojunior/go/pkg/mod/github.com/dgraph-io/badger/v2@v2.2007.4/levels.go:390 +0x212
created by github.com/dgraph-io/badger/v2.(*levelsController).startCompact
	/Users/eclesiojunior/go/pkg/mod/github.com/dgraph-io/badger/v2@v2.2007.4/levels.go:371 +0x55

goroutine 253 [select]:
github.com/dgraph-io/badger/v2/y.(*WaterMark).process(0xc0008a6ed0, 0xc001ca8980)
	/Users/eclesiojunior/go/pkg/mod/github.com/dgraph-io/badger/v2@v2.2007.4/y/watermark.go:212 +0x285
created by github.com/dgraph-io/badger/v2/y.(*WaterMark).Init
	/Users/eclesiojunior/go/pkg/mod/github.com/dgraph-io/badger/v2@v2.2007.4/y/watermark.go:70 +0xaf

goroutine 255 [select]:
github.com/dgraph-io/badger/v2.(*DB).updateSize(0xc000d45c00, 0xc001ca89e0)
	/Users/eclesiojunior/go/pkg/mod/github.com/dgraph-io/badger/v2@v2.2007.4/db.go:1197 +0x145
created by github.com/dgraph-io/badger/v2.Open
	/Users/eclesiojunior/go/pkg/mod/github.com/dgraph-io/badger/v2@v2.2007.4/db.go:357 +0x10a9

goroutine 254 [select]:
github.com/dgraph-io/badger/v2/y.(*WaterMark).process(0xc0008a6f00, 0xc001ca8980)
	/Users/eclesiojunior/go/pkg/mod/github.com/dgraph-io/badger/v2@v2.2007.4/y/watermark.go:212 +0x285
created by github.com/dgraph-io/badger/v2/y.(*WaterMark).Init
	/Users/eclesiojunior/go/pkg/mod/github.com/dgraph-io/badger/v2@v2.2007.4/y/watermark.go:70 +0xaf

goroutine 268 [chan receive]:
github.com/dgraph-io/badger/v2.(*DB).flushMemtable(0xc000d45c00, 0x0)
	/Users/eclesiojunior/go/pkg/mod/github.com/dgraph-io/badger/v2@v2.2007.4/db.go:1104 +0xb0
github.com/dgraph-io/badger/v2.(*DB).startMemoryFlush.func1()
	/Users/eclesiojunior/go/pkg/mod/github.com/dgraph-io/badger/v2@v2.2007.4/db.go:1457 +0x25
created by github.com/dgraph-io/badger/v2.(*DB).startMemoryFlush
	/Users/eclesiojunior/go/pkg/mod/github.com/dgraph-io/badger/v2@v2.2007.4/db.go:1456 +0x129

goroutine 269 [select]:
github.com/dgraph-io/badger/v2.(*DB).doWrites(0xc000d45c00, 0xc001ca8280)
	/Users/eclesiojunior/go/pkg/mod/github.com/dgraph-io/badger/v2@v2.2007.4/db.go:859 +0x215
created by github.com/dgraph-io/badger/v2.(*DB).unblockWrite
	/Users/eclesiojunior/go/pkg/mod/github.com/dgraph-io/badger/v2@v2.2007.4/db.go:1547 +0xf4

goroutine 262 [select]:
github.com/dgraph-io/badger/v2.(*valueLog).flushDiscardStats(0xc000d45dd0)
	/Users/eclesiojunior/go/pkg/mod/github.com/dgraph-io/badger/v2@v2.2007.4/value.go:1955 +0x15b
created by github.com/dgraph-io/badger/v2.(*valueLog).open
	/Users/eclesiojunior/go/pkg/mod/github.com/dgraph-io/badger/v2@v2.2007.4/value.go:1114 +0xa5

goroutine 264 [chan receive]:
github.com/dgraph-io/badger/v2.(*valueLog).waitOnGC(0xc000d45dd0, 0xc000dca820)
	/Users/eclesiojunior/go/pkg/mod/github.com/dgraph-io/badger/v2@v2.2007.4/value.go:1858 +0x6f
created by github.com/dgraph-io/badger/v2.Open
	/Users/eclesiojunior/go/pkg/mod/github.com/dgraph-io/badger/v2@v2.2007.4/db.go:412 +0x18cf

goroutine 265 [select]:
github.com/dgraph-io/badger/v2.(*publisher).listenForUpdates(0xc0008a6f90, 0xc001ca81a0)
	/Users/eclesiojunior/go/pkg/mod/github.com/dgraph-io/badger/v2@v2.2007.4/publisher.go:67 +0x13f
created by github.com/dgraph-io/badger/v2.Open
	/Users/eclesiojunior/go/pkg/mod/github.com/dgraph-io/badger/v2@v2.2007.4/db.go:416 +0x19e8

rax    0x0
rbx    0x209dec000
rcx    0x0
rdx    0x0
rdi    0x1607
rsi    0x6
rbp    0xc00010bf10
rsp    0xc00010bee8
r8     0x0
r9     0x4b0
r10    0x0
r11    0x95800
r12    0x1607
r13    0xc0005803bc
r14    0x6
r15    0x16
rip    0x7ff817cf7112
rflags 0x246
cs     0x2b
fs     0x0
gs     0x0
FAIL	github.com/ChainSafe/gossamer/lib/babe	12.546s
?   	github.com/ChainSafe/gossamer/lib/babe/mocks	[no test files]
FAIL
